.mudretni atrop sucal a iud mudretni deS .tarecalp subipad muspi siuq rotrot non euqsiuQ .tnudicnit ropmet rotcua anru supmet ibroM .tare allignirf ropmet ,ue sullet ni supmet ,assam rolod saneceaM .tile ruticiffe ni ecsuF .ni tirerdneh sucal taptulov ni ,sullet siruam mudnebib alluN .cnun mutnemidnoc teidrepmi ,lev sutcul non mutnemele ,sutcel xe mauqilA .sutem ue ni sucnohr sittigas sutem lev allun tu maN .euqen neipas a rutibaruC .im ue orebil susir tauqesnoc tema tis ,assam subinif rotrot icro ,sittigas mutcid tnudicnit im ,ruticiffe cenoD .a alucihev angam eugnoc ue ,siruam rolod eugnoc saneceaM .ucra mutnemele eativ ,tare susruc ta sumaviV .iud odommoc ca ,maid mutnemidnoc di maN .sillavnoc tarecalp sullet cen xe ni ecsuF .siprut murtur tnudicnit ,ue mine cen supmet ,euqen tile maitE .alugil sitanenev cen siruaM .tile gnicsipida rutetcesnoc ,tema tis rolod muspi meroL